[Threads: 1]
Time spent on initializing engine: 116.680731904s
Time spent on loading pattern: 3.114970532s
Nodes count: 432459624, BiCache count: 539429220
Steal attempts success: 0
Steal attempts empty: 0
Steal attempts retry: 0
Steal from last victim success: 0
Steal from last victim fail: 0
Hashtable cmpxchg fail (lock acquire): 0
Status claim success: 539429219
Status claim fail (NOT_STARTED->PROCESSING): 0
Spinlock [node_store_lock] (937847374 total) (by spins, count):
        0..=0 -> 937847374
Spinlock [binode_cache_lock] (1502105032 total) (by spins, count):
        0..=0 -> 1502105032
Spinlock [process_task] (717415301 total) (by spins, count):
        0..=0 -> 717415301
Spinlock [notify_dep] (539429677 total) (by spins, count):
        0..=0 -> 539429677
Spinlock [handle_bi_dep] (458 total) (by spins, count):
        0..=0 -> 458

Time on updating pattern by 2^27 generations: 1617.732107808s
Population: 93235730
Hash: 0x556c853eee93bd32
[Threads: 2]
Time spent on initializing engine: 28.83769588s
Time spent on loading pattern: 3.023346291s
Nodes count: 432459624, BiCache count: 539429220
Steal attempts success: 108231
Steal attempts empty: 13924
Steal attempts retry: 190
Steal from last victim success: 94340
Steal from last victim fail: 13893
Hashtable cmpxchg fail (lock acquire): 173
Status claim success: 539429219
Status claim fail (NOT_STARTED->PROCESSING): 32
Spinlock [node_store_lock] (936646897 total) (by spins, count):
        0..=0 -> 936646657
        2..=3 -> 93
        4..=7 -> 112
        8..=15 -> 32
        16..=31 -> 2
        64..=127 -> 1
Spinlock [binode_cache_lock] (1500420845 total) (by spins, count):
        0..=0 -> 1500420229
        2..=3 -> 268
        4..=7 -> 333
        8..=15 -> 13
        64..=127 -> 1
        512..=1023 -> 1
Spinlock [process_task] (717455416 total) (by spins, count):
        0..=0 -> 717455062
        1..=1 -> 8
        2..=3 -> 136
        4..=7 -> 156
        8..=15 -> 40
        16..=31 -> 11
        32..=63 -> 1
        64..=127 -> 1
        256..=511 -> 1
Spinlock [notify_dep] (539644153 total) (by spins, count):
        0..=0 -> 539642227
        1..=1 -> 81
        2..=3 -> 872
        4..=7 -> 520
        8..=15 -> 216
        16..=31 -> 152
        32..=63 -> 54
        64..=127 -> 17
        128..=255 -> 7
        256..=511 -> 3
        512..=1023 -> 1
        131072..=262143 -> 3
Spinlock [handle_bi_dep] (214934 total) (by spins, count):
        0..=0 -> 208758
        1..=1 -> 36
        2..=3 -> 348
        4..=7 -> 230
        8..=15 -> 490
        16..=31 -> 872
        32..=63 -> 1609
        64..=127 -> 1762
        128..=255 -> 766
        256..=511 -> 51
        512..=1023 -> 6
        1024..=2047 -> 1
        32768..=65535 -> 3
        65536..=131071 -> 1
        131072..=262143 -> 1
Spinlock [node2lanes] (169 total) (by spins, count):
        0..=0 -> 8
        1..=1 -> 1
        2..=3 -> 33
        4..=7 -> 29
        8..=15 -> 41
        16..=31 -> 29
        32..=63 -> 17
        64..=127 -> 5
        128..=255 -> 2
        256..=511 -> 3
        512..=1023 -> 1
Spinlock [update_node_sync] (20 total) (by spins, count):
        1..=1 -> 1
        4..=7 -> 1
        8..=15 -> 4
        16..=31 -> 5
        32..=63 -> 2
        64..=127 -> 4
        128..=255 -> 3

Time on updating pattern by 2^27 generations: 714.160483706s
Population: 93235730
Hash: 0x556c853eee93bd32
[Threads: 4]
Time spent on initializing engine: 28.738668526s
Time spent on loading pattern: 3.014143654s
Nodes count: 432459624, BiCache count: 539429220
Steal attempts success: 585805
Steal attempts empty: 114685
Steal attempts retry: 3483
Steal from last victim success: 471859
Steal from last victim fail: 113950
Hashtable cmpxchg fail (lock acquire): 2202
Status claim success: 539429219
Status claim fail (NOT_STARTED->PROCESSING): 150
Spinlock [node_store_lock] (928124748 total) (by spins, count):
        0..=0 -> 928123330
        1..=1 -> 3
        2..=3 -> 411
        4..=7 -> 708
        8..=15 -> 278
        16..=31 -> 12
        32..=63 -> 1
        64..=127 -> 3
        128..=255 -> 2
Spinlock [binode_cache_lock] (1496917859 total) (by spins, count):
        0..=0 -> 1496913655
        1..=1 -> 4
        2..=3 -> 1093
        4..=7 -> 2456
        8..=15 -> 617
        16..=31 -> 23
        32..=63 -> 3
        64..=127 -> 3
        128..=255 -> 2
        512..=1023 -> 3
Spinlock [process_task] (717601115 total) (by spins, count):
        0..=0 -> 717598464
        1..=1 -> 61
        2..=3 -> 783
        4..=7 -> 1080
        8..=15 -> 518
        16..=31 -> 164
        32..=63 -> 27
        64..=127 -> 11
        128..=255 -> 6
        256..=511 -> 1
Spinlock [notify_dep] (540355415 total) (by spins, count):
        0..=0 -> 540340150
        1..=1 -> 455
        2..=3 -> 4259
        4..=7 -> 4997
        8..=15 -> 1970
        16..=31 -> 1242
        32..=63 -> 778
        64..=127 -> 512
        128..=255 -> 386
        256..=511 -> 406
        512..=1023 -> 144
        1024..=2047 -> 22
        2048..=4095 -> 15
        4096..=8191 -> 8
        8192..=16383 -> 32
        16384..=32767 -> 8
        32768..=65535 -> 3
        65536..=131071 -> 3
        131072..=262143 -> 15
        262144..=524287 -> 10
Spinlock [handle_bi_dep] (926196 total) (by spins, count):
        0..=0 -> 883447
        1..=1 -> 231
        2..=3 -> 1517
        4..=7 -> 1985
        8..=15 -> 2301
        16..=31 -> 4010
        32..=63 -> 7796
        64..=127 -> 10983
        128..=255 -> 8305
        256..=511 -> 3680
        512..=1023 -> 1523
        1024..=2047 -> 278
        2048..=4095 -> 22
        4096..=8191 -> 25
        8192..=16383 -> 44
        16384..=32767 -> 13
        32768..=65535 -> 1
        65536..=131071 -> 4
        131072..=262143 -> 13
        262144..=524287 -> 18
Spinlock [node2lanes] (1318 total) (by spins, count):
        0..=0 -> 88
        1..=1 -> 2
        2..=3 -> 172
        4..=7 -> 197
        8..=15 -> 297
        16..=31 -> 286
        32..=63 -> 168
        64..=127 -> 75
        128..=255 -> 20
        256..=511 -> 9
        512..=1023 -> 2
        262144..=524287 -> 2
Spinlock [update_node_sync] (430 total) (by spins, count):
        0..=0 -> 1
        1..=1 -> 1
        2..=3 -> 17
        4..=7 -> 29
        8..=15 -> 51
        16..=31 -> 75
        32..=63 -> 110
        64..=127 -> 67
        128..=255 -> 22
        256..=511 -> 30
        512..=1023 -> 17
        1024..=2047 -> 10

Time on updating pattern by 2^27 generations: 423.725541494s
Population: 93235730
Hash: 0x556c853eee93bd32
[Threads: 8]
Time spent on initializing engine: 29.021359044s
Time spent on loading pattern: 3.057502442s
Nodes count: 432459624, BiCache count: 539429220
Steal attempts success: 1209254
Steal attempts empty: 226926
Steal attempts retry: 7454
Steal from last victim success: 983819
Steal from last victim fail: 225443
Hashtable cmpxchg fail (lock acquire): 5389
Status claim success: 539429219
Status claim fail (NOT_STARTED->PROCESSING): 184
Spinlock [node_store_lock] (927482206 total) (by spins, count):
        0..=0 -> 927476638
        1..=1 -> 14
        2..=3 -> 1512
        4..=7 -> 2175
        8..=15 -> 1476
        16..=31 -> 329
        32..=63 -> 42
        64..=127 -> 11
        128..=255 -> 5
        256..=511 -> 2
        512..=1023 -> 1
        131072..=262143 -> 1
Spinlock [binode_cache_lock] (1498344865 total) (by spins, count):
        0..=0 -> 1498336955
        1..=1 -> 6
        2..=3 -> 1581
        4..=7 -> 4508
        8..=15 -> 1757
        16..=31 -> 36
        32..=63 -> 5
        64..=127 -> 4
        128..=255 -> 6
        256..=511 -> 2
        512..=1023 -> 3
        1024..=2047 -> 1
        262144..=524287 -> 1
Spinlock [process_task] (717727879 total) (by spins, count):
        0..=0 -> 717722874
        1..=1 -> 121
        2..=3 -> 1247
        4..=7 -> 2030
        8..=15 -> 1106
        16..=31 -> 418
        32..=63 -> 45
        64..=127 -> 17
        128..=255 -> 13
        256..=511 -> 7
        512..=1023 -> 1
Spinlock [notify_dep] (541089030 total) (by spins, count):
        0..=0 -> 541053286
        1..=1 -> 998
        2..=3 -> 7988
        4..=7 -> 12055
        8..=15 -> 5187
        16..=31 -> 2979
        32..=63 -> 2152
        64..=127 -> 1694
        128..=255 -> 1204
        256..=511 -> 762
        512..=1023 -> 198
        1024..=2047 -> 42
        2048..=4095 -> 67
        4096..=8191 -> 78
        8192..=16383 -> 144
        16384..=32767 -> 78
        32768..=65535 -> 7
        65536..=131071 -> 6
        131072..=262143 -> 10
        262144..=524287 -> 65
        524288..=1048575 -> 30
Spinlock [handle_bi_dep] (1659811 total) (by spins, count):
        0..=0 -> 1581518
        1..=1 -> 317
        2..=3 -> 2104
        4..=7 -> 3628
        8..=15 -> 3600
        16..=31 -> 5932
        32..=63 -> 11070
        64..=127 -> 18738
        128..=255 -> 19076
        256..=511 -> 10422
        512..=1023 -> 2733
        1024..=2047 -> 202
        2048..=4095 -> 46
        4096..=8191 -> 58
        8192..=16383 -> 147
        16384..=32767 -> 152
        32768..=65535 -> 4
        65536..=131071 -> 5
        131072..=262143 -> 10
        262144..=524287 -> 32
        524288..=1048575 -> 17
Spinlock [node2lanes] (3743 total) (by spins, count):
        0..=0 -> 132
        1..=1 -> 10
        2..=3 -> 254
        4..=7 -> 554
        8..=15 -> 720
        16..=31 -> 888
        32..=63 -> 703
        64..=127 -> 351
        128..=255 -> 95
        256..=511 -> 21
        512..=1023 -> 5
        1024..=2047 -> 3
        2048..=4095 -> 3
        4096..=8191 -> 1
        8192..=16383 -> 1
        131072..=262143 -> 1
        262144..=524287 -> 1
Spinlock [update_node_sync] (1268 total) (by spins, count):
        0..=0 -> 3
        1..=1 -> 9
        2..=3 -> 41
        4..=7 -> 77
        8..=15 -> 116
        16..=31 -> 239
        32..=63 -> 309
        64..=127 -> 295
        128..=255 -> 105
        256..=511 -> 44
        512..=1023 -> 16
        1024..=2047 -> 6
        2048..=4095 -> 2
        4096..=8191 -> 1
        16384..=32767 -> 1
        65536..=131071 -> 1
        262144..=524287 -> 3

Time on updating pattern by 2^27 generations: 327.387502266s
Population: 93235730
Hash: 0x556c853eee93bd32
[Threads: 16]
Time spent on initializing engine: 29.088024424s
Time spent on loading pattern: 3.182734116s
Nodes count: 432459624, BiCache count: 539429220
Steal attempts success: 1834107
Steal attempts empty: 312853
Steal attempts retry: 10097
Steal from last victim success: 1522869
Steal from last victim fail: 311254
Hashtable cmpxchg fail (lock acquire): 27704
Status claim success: 539429219
Status claim fail (NOT_STARTED->PROCESSING): 113
Spinlock [node_store_lock] (930922064 total) (by spins, count):
        0..=0 -> 930898477
        1..=1 -> 1654
        2..=3 -> 4393
        4..=7 -> 4884
        8..=15 -> 5065
        16..=31 -> 4436
        32..=63 -> 2357
        64..=127 -> 714
        128..=255 -> 75
        256..=511 -> 4
        512..=1023 -> 2
        1024..=2047 -> 1
        262144..=524287 -> 1
        524288..=1048575 -> 1
Spinlock [binode_cache_lock] (1499916586 total) (by spins, count):
        0..=0 -> 1499908195
        1..=1 -> 40
        2..=3 -> 1599
        4..=7 -> 4582
        8..=15 -> 2050
        16..=31 -> 51
        32..=63 -> 35
        64..=127 -> 22
        128..=255 -> 6
        256..=511 -> 2
        512..=1023 -> 1
        262144..=524287 -> 2
        524288..=1048575 -> 1
Spinlock [process_task] (717634832 total) (by spins, count):
        0..=0 -> 717629092
        1..=1 -> 169
        2..=3 -> 1237
        4..=7 -> 2178
        8..=15 -> 1395
        16..=31 -> 602
        32..=63 -> 114
        64..=127 -> 25
        128..=255 -> 14
        256..=511 -> 3
        512..=1023 -> 2
        1024..=2047 -> 1
Spinlock [notify_dep] (541489167 total) (by spins, count):
        0..=0 -> 541430302
        1..=1 -> 1661
        2..=3 -> 10799
        4..=7 -> 19362
        8..=15 -> 8871
        16..=31 -> 4794
        32..=63 -> 3683
        64..=127 -> 3080
        128..=255 -> 2785
        256..=511 -> 2085
        512..=1023 -> 646
        1024..=2047 -> 121
        2048..=4095 -> 132
        4096..=8191 -> 133
        8192..=16383 -> 317
        16384..=32767 -> 201
        32768..=65535 -> 18
        65536..=131071 -> 9
        131072..=262143 -> 26
        262144..=524287 -> 44
        524288..=1048575 -> 98
Spinlock [handle_bi_dep] (2059948 total) (by spins, count):
        0..=0 -> 1971989
        1..=1 -> 268
        2..=3 -> 1703
        4..=7 -> 2867
        8..=15 -> 2909
        16..=31 -> 5216
        32..=63 -> 9226
        64..=127 -> 17308
        128..=255 -> 24287
        256..=511 -> 17950
        512..=1023 -> 5188
        1024..=2047 -> 425
        2048..=4095 -> 75
        4096..=8191 -> 66
        8192..=16383 -> 187
        16384..=32767 -> 192
        32768..=65535 -> 10
        65536..=131071 -> 10
        131072..=262143 -> 11
        262144..=524287 -> 25
        524288..=1048575 -> 36
Spinlock [node2lanes] (7167 total) (by spins, count):
        0..=0 -> 109
        1..=1 -> 18
        2..=3 -> 354
        4..=7 -> 782
        8..=15 -> 984
        16..=31 -> 1479
        32..=63 -> 1538
        64..=127 -> 1221
        128..=255 -> 478
        256..=511 -> 112
        512..=1023 -> 31
        1024..=2047 -> 23
        2048..=4095 -> 24
        4096..=8191 -> 7
        16384..=32767 -> 1
        32768..=65535 -> 1
        65536..=131071 -> 2
        131072..=262143 -> 1
        262144..=524287 -> 1
        524288..=1048575 -> 1
Spinlock [update_node_sync] (3185 total) (by spins, count):
        0..=0 -> 5
        1..=1 -> 16
        2..=3 -> 86
        4..=7 -> 147
        8..=15 -> 225
        16..=31 -> 399
        32..=63 -> 571
        64..=127 -> 743
        128..=255 -> 531
        256..=511 -> 185
        512..=1023 -> 126
        1024..=2047 -> 103
        2048..=4095 -> 41
        4096..=8191 -> 5
        16384..=32767 -> 1
        524288..=1048575 -> 1

Time on updating pattern by 2^27 generations: 271.222079281s
Population: 93235730
Hash: 0x556c853eee93bd32
[Threads: 32]
Time spent on initializing engine: 30.652682715s
Time spent on loading pattern: 3.129131117s
Nodes count: 432459624, BiCache count: 539429220
Steal attempts success: 2952701
Steal attempts empty: 451213
Steal attempts retry: 12588
Steal from last victim success: 2503080
Steal from last victim fail: 449653
Hashtable cmpxchg fail (lock acquire): 282335
Status claim success: 539429219
Status claim fail (NOT_STARTED->PROCESSING): 142
Spinlock [node_store_lock] (928269495 total) (by spins, count):
        0..=0 -> 928223257
        1..=1 -> 2038
        2..=3 -> 4972
        4..=7 -> 5705
        8..=15 -> 5413
        16..=31 -> 5401
        32..=63 -> 6237
        64..=127 -> 6627
        128..=255 -> 5201
        256..=511 -> 3072
        512..=1023 -> 1161
        1024..=2047 -> 340
        2048..=4095 -> 69
        4096..=8191 -> 2
Spinlock [binode_cache_lock] (1496790519 total) (by spins, count):
        0..=0 -> 1496783350
        1..=1 -> 171
        2..=3 -> 1507
        4..=7 -> 3545
        8..=15 -> 1828
        16..=31 -> 42
        32..=63 -> 31
        64..=127 -> 37
        128..=255 -> 4
        256..=511 -> 1
        512..=1023 -> 1
        262144..=524287 -> 2
Spinlock [process_task] (717736837 total) (by spins, count):
        0..=0 -> 717730906
        1..=1 -> 223
        2..=3 -> 1216
        4..=7 -> 2197
        8..=15 -> 1523
        16..=31 -> 615
        32..=63 -> 90
        64..=127 -> 33
        128..=255 -> 20
        256..=511 -> 12
        1024..=2047 -> 2
Spinlock [notify_dep] (542555367 total) (by spins, count):
        0..=0 -> 542507272
        1..=1 -> 2488
        2..=3 -> 9920
        4..=7 -> 18685
        8..=15 -> 8502
        16..=31 -> 3209
        32..=63 -> 1615
        64..=127 -> 964
        128..=255 -> 819
        256..=511 -> 810
        512..=1023 -> 453
        1024..=2047 -> 102
        2048..=4095 -> 57
        4096..=8191 -> 65
        8192..=16383 -> 99
        16384..=32767 -> 118
        32768..=65535 -> 82
        65536..=131071 -> 24
        131072..=262143 -> 7
        262144..=524287 -> 26
        524288..=1048575 -> 50
Spinlock [handle_bi_dep] (3126148 total) (by spins, count):
        0..=0 -> 3004592
        1..=1 -> 278
        2..=3 -> 1518
        4..=7 -> 3080
        8..=15 -> 3162
        16..=31 -> 5455
        32..=63 -> 10037
        64..=127 -> 19689
        128..=255 -> 32031
        256..=511 -> 32513
        512..=1023 -> 12187
        1024..=2047 -> 1081
        2048..=4095 -> 77
        4096..=8191 -> 61
        8192..=16383 -> 102
        16384..=32767 -> 180
        32768..=65535 -> 41
        65536..=131071 -> 23
        131072..=262143 -> 7
        262144..=524287 -> 13
        524288..=1048575 -> 21
Spinlock [node2lanes] (16380 total) (by spins, count):
        0..=0 -> 71
        1..=1 -> 55
        2..=3 -> 481
        4..=7 -> 979
        8..=15 -> 1179
        16..=31 -> 1948
        32..=63 -> 3064
        64..=127 -> 4342
        128..=255 -> 3037
        256..=511 -> 938
        512..=1023 -> 134
        1024..=2047 -> 37
        2048..=4095 -> 57
        4096..=8191 -> 37
        8192..=16383 -> 6
        16384..=32767 -> 7
        32768..=65535 -> 1
        65536..=131071 -> 2
        131072..=262143 -> 3
        262144..=524287 -> 2
Spinlock [update_node_sync] (8291 total) (by spins, count):
        0..=0 -> 5
        1..=1 -> 39
        2..=3 -> 121
        4..=7 -> 262
        8..=15 -> 398
        16..=31 -> 652
        32..=63 -> 1084
        64..=127 -> 1867
        128..=255 -> 2153
        256..=511 -> 1111
        512..=1023 -> 269
        1024..=2047 -> 190
        2048..=4095 -> 117
        4096..=8191 -> 20
        8192..=16383 -> 1
        32768..=65535 -> 1
        262144..=524287 -> 1

Time on updating pattern by 2^27 generations: 228.154530497s
Population: 93235730
Hash: 0x556c853eee93bd32
[Threads: 64]
Time spent on initializing engine: 29.301617997s
Time spent on loading pattern: 3.244181519s
Nodes count: 432459624, BiCache count: 539429220
Steal attempts success: 6062292
Steal attempts empty: 937786
Steal attempts retry: 20163
Steal from last victim success: 5126487
Steal from last victim fail: 935869
Hashtable cmpxchg fail (lock acquire): 727659
Status claim success: 539429219
Status claim fail (NOT_STARTED->PROCESSING): 292
Spinlock [node_store_lock] (928150254 total) (by spins, count):
        0..=0 -> 928097336
        1..=1 -> 3312
        2..=3 -> 4842
        4..=7 -> 3646
        8..=15 -> 3502
        16..=31 -> 3759
        32..=63 -> 5019
        64..=127 -> 7048
        128..=255 -> 8186
        256..=511 -> 7086
        512..=1023 -> 4219
        1024..=2047 -> 1760
        2048..=4095 -> 494
        4096..=8191 -> 44
        262144..=524287 -> 1
Spinlock [binode_cache_lock] (1499623696 total) (by spins, count):
        0..=0 -> 1499616754
        1..=1 -> 263
        2..=3 -> 1701
        4..=7 -> 3312
        8..=15 -> 1514
        16..=31 -> 46
        32..=63 -> 29
        64..=127 -> 54
        128..=255 -> 15
        256..=511 -> 4
        512..=1023 -> 2
        16384..=32767 -> 1
        262144..=524287 -> 1
Spinlock [process_task] (718129529 total) (by spins, count):
        0..=0 -> 718121412
        1..=1 -> 339
        2..=3 -> 1622
        4..=7 -> 2946
        8..=15 -> 2091
        16..=31 -> 921
        32..=63 -> 112
        64..=127 -> 59
        128..=255 -> 21
        256..=511 -> 2
        512..=1023 -> 2
        2048..=4095 -> 1
        8192..=16383 -> 1
Spinlock [notify_dep] (545537937 total) (by spins, count):
        0..=0 -> 545473670
        1..=1 -> 4570
        2..=3 -> 12335
        4..=7 -> 22477
        8..=15 -> 9619
        16..=31 -> 3701
        32..=63 -> 2244
        64..=127 -> 2090
        128..=255 -> 2031
        256..=511 -> 1973
        512..=1023 -> 1450
        1024..=2047 -> 615
        2048..=4095 -> 214
        4096..=8191 -> 162
        8192..=16383 -> 356
        16384..=32767 -> 204
        32768..=65535 -> 31
        65536..=131071 -> 25
        131072..=262143 -> 46
        262144..=524287 -> 67
        524288..=1048575 -> 57
Spinlock [handle_bi_dep] (6108718 total) (by spins, count):
        0..=0 -> 5857181
        1..=1 -> 420
        2..=3 -> 2445
        4..=7 -> 4221
        8..=15 -> 4200
        16..=31 -> 7399
        32..=63 -> 13439
        64..=127 -> 25932
        128..=255 -> 49371
        256..=511 -> 73295
        512..=1023 -> 55130
        1024..=2047 -> 13718
        2048..=4095 -> 980
        4096..=8191 -> 173
        8192..=16383 -> 355
        16384..=32767 -> 344
        32768..=65535 -> 15
        65536..=131071 -> 12
        131072..=262143 -> 20
        262144..=524287 -> 41
        524288..=1048575 -> 27
Spinlock [node2lanes] (37349 total) (by spins, count):
        0..=0 -> 89
        1..=1 -> 129
        2..=3 -> 676
        4..=7 -> 1239
        8..=15 -> 1559
        16..=31 -> 2626
        32..=63 -> 4799
        64..=127 -> 8745
        128..=255 -> 10692
        256..=511 -> 5443
        512..=1023 -> 970
        1024..=2047 -> 149
        2048..=4095 -> 43
        4096..=8191 -> 61
        8192..=16383 -> 56
        16384..=32767 -> 34
        32768..=65535 -> 24
        65536..=131071 -> 6
        131072..=262143 -> 3
        262144..=524287 -> 6
Spinlock [update_node_sync] (20088 total) (by spins, count):
        0..=0 -> 14
        1..=1 -> 61
        2..=3 -> 204
        4..=7 -> 417
        8..=15 -> 627
        16..=31 -> 1003
        32..=63 -> 1835
        64..=127 -> 3520
        128..=255 -> 5315
        256..=511 -> 4912
        512..=1023 -> 1347
        1024..=2047 -> 335
        2048..=4095 -> 281
        4096..=8191 -> 123
        8192..=16383 -> 41
        16384..=32767 -> 25
        32768..=65535 -> 23
        65536..=131071 -> 4
        131072..=262143 -> 1

Time on updating pattern by 2^27 generations: 231.114721638s
Population: 93235730
Hash: 0x556c853eee93bd32
[Threads: 128]
Time spent on initializing engine: 29.680027802s
Time spent on loading pattern: 3.24332579s
Nodes count: 432459624, BiCache count: 539429220
Steal attempts success: 13651219
Steal attempts empty: 2803780
Steal attempts retry: 44497
Steal from last victim success: 10852711
Steal from last victim fail: 2798636
Hashtable cmpxchg fail (lock acquire): 2155913
Status claim success: 539429219
Status claim fail (NOT_STARTED->PROCESSING): 572
Spinlock [node_store_lock] (928521137 total) (by spins, count):
        0..=0 -> 928433025
        1..=1 -> 4111
        2..=3 -> 5847
        4..=7 -> 4324
        8..=15 -> 4429
        16..=31 -> 5011
        32..=63 -> 6834
        64..=127 -> 9571
        128..=255 -> 12060
        256..=511 -> 13566
        512..=1023 -> 11737
        1024..=2047 -> 7267
        2048..=4095 -> 2736
        4096..=8191 -> 576
        8192..=16383 -> 41
        32768..=65535 -> 1
        131072..=262143 -> 1
Spinlock [binode_cache_lock] (1501988014 total) (by spins, count):
        0..=0 -> 1501977505
        1..=1 -> 508
        2..=3 -> 2789
        4..=7 -> 4717
        8..=15 -> 2172
        16..=31 -> 64
        32..=63 -> 67
        64..=127 -> 105
        128..=255 -> 57
        256..=511 -> 18
        512..=1023 -> 4
        1024..=2047 -> 3
        2048..=4095 -> 3
        4096..=8191 -> 2
Spinlock [process_task] (718889184 total) (by spins, count):
        0..=0 -> 718875034
        1..=1 -> 490
        2..=3 -> 2770
        4..=7 -> 4790
        8..=15 -> 3773
        16..=31 -> 1782
        32..=63 -> 258
        64..=127 -> 135
        128..=255 -> 110
        256..=511 -> 34
        512..=1023 -> 3
        2048..=4095 -> 3
        4096..=8191 -> 1
        8192..=16383 -> 1
Spinlock [notify_dep] (551797692 total) (by spins, count):
        0..=0 -> 551689773
        1..=1 -> 8099
        2..=3 -> 16368
        4..=7 -> 30751
        8..=15 -> 13378
        16..=31 -> 5493
        32..=63 -> 3656
        64..=127 -> 4290
        128..=255 -> 5045
        256..=511 -> 5959
        512..=1023 -> 6308
        1024..=2047 -> 4414
        2048..=4095 -> 2185
        4096..=8191 -> 719
        8192..=16383 -> 691
        16384..=32767 -> 359
        32768..=65535 -> 27
        65536..=131071 -> 26
        131072..=262143 -> 44
        262144..=524287 -> 74
        524288..=1048575 -> 33
Spinlock [handle_bi_dep] (12368473 total) (by spins, count):
        0..=0 -> 11771939
        1..=1 -> 909
        2..=3 -> 4049
        4..=7 -> 7247
        8..=15 -> 6577
        16..=31 -> 10816
        32..=63 -> 19170
        64..=127 -> 36766
        128..=255 -> 73368
        256..=511 -> 134177
        512..=1023 -> 170813
        1024..=2047 -> 106554
        2048..=4095 -> 23466
        4096..=8191 -> 1263
        8192..=16383 -> 651
        16384..=32767 -> 563
        32768..=65535 -> 43
        65536..=131071 -> 13
        131072..=262143 -> 29
        262144..=524287 -> 45
        524288..=1048575 -> 14
        1048576..=2097151 -> 1
Spinlock [node2lanes] (89118 total) (by spins, count):
        0..=0 -> 114
        1..=1 -> 220
        2..=3 -> 994
        4..=7 -> 1735
        8..=15 -> 2165
        16..=31 -> 3920
        32..=63 -> 6810
        64..=127 -> 13920
        128..=255 -> 23592
        256..=511 -> 22436
        512..=1023 -> 10618
        1024..=2047 -> 1764
        2048..=4095 -> 229
        4096..=8191 -> 106
        8192..=16383 -> 162
        16384..=32767 -> 144
        32768..=65535 -> 65
        65536..=131071 -> 69
        131072..=262143 -> 43
        262144..=524287 -> 10
        524288..=1048575 -> 2
Spinlock [update_node_sync] (51871 total) (by spins, count):
        0..=0 -> 12
        1..=1 -> 101
        2..=3 -> 337
        4..=7 -> 601
        8..=15 -> 898
        16..=31 -> 1589
        32..=63 -> 2809
        64..=127 -> 5700
        128..=255 -> 9924
        256..=511 -> 14089
        512..=1023 -> 10633
        1024..=2047 -> 3031
        2048..=4095 -> 875
        4096..=8191 -> 580
        8192..=16383 -> 325
        16384..=32767 -> 143
        32768..=65535 -> 95
        65536..=131071 -> 87
        131072..=262143 -> 33
        262144..=524287 -> 9

Time on updating pattern by 2^27 generations: 233.821719268s
Population: 93235730
Hash: 0x556c853eee93bd32
Threads: 256
Time spent on initializing engine: 29.542661834s
Time spent on loading pattern: 3.317519741s
Nodes count: 432459624, BiCache count: 539429220
Steal attempts success: 24832130
Steal attempts empty: 5783880
Steal attempts retry: 84786
Steal from last victim success: 19056674
Steal from last victim fail: 5775712
Hashtable cmpxchg fail (lock acquire): 1482691
Status claim success: 539429219
Status claim fail (NOT_STARTED->PROCESSING): 1241
Spinlock [node_store_lock] (931044730 total) (by spins, count):
        0..=0 -> 930986670
        1..=1 -> 3090
        2..=3 -> 4402
        4..=7 -> 3346
        8..=15 -> 2700
        16..=31 -> 2896
        32..=63 -> 3967
        64..=127 -> 5822
        128..=255 -> 7439
        256..=511 -> 8449
        512..=1023 -> 7488
        1024..=2047 -> 4897
        2048..=4095 -> 2010
        4096..=8191 -> 559
        8192..=16383 -> 86
        16384..=32767 -> 18
        32768..=65535 -> 125
        65536..=131071 -> 240
        131072..=262143 -> 499
        262144..=524287 -> 27
Spinlock [binode_cache_lock] (1504928633 total) (by spins, count):
        0..=0 -> 1504919850
        1..=1 -> 592
        2..=3 -> 2615
        4..=7 -> 3561
        8..=15 -> 1485
        16..=31 -> 87
        32..=63 -> 64
        64..=127 -> 145
        128..=255 -> 111
        256..=511 -> 56
        512..=1023 -> 15
        1024..=2047 -> 10
        2048..=4095 -> 25
        4096..=8191 -> 8
        8192..=16383 -> 4
        16384..=32767 -> 5
Spinlock [process_task] (719826992 total) (by spins, count):
        0..=0 -> 719802990
        1..=1 -> 604
        2..=3 -> 3761
        4..=7 -> 7782
        8..=15 -> 6416
        16..=31 -> 3433
        32..=63 -> 745
        64..=127 -> 574
        128..=255 -> 470
        256..=511 -> 188
        512..=1023 -> 20
        1024..=2047 -> 2
        2048..=4095 -> 2
        4096..=8191 -> 3
        8192..=16383 -> 1
        16384..=32767 -> 1
Spinlock [notify_dep] (559894875 total) (by spins, count):
        0..=0 -> 559671954
        1..=1 -> 7780
        2..=3 -> 19489
        4..=7 -> 41290
        8..=15 -> 25075
        16..=31 -> 12047
        32..=63 -> 9162
        64..=127 -> 14018
        128..=255 -> 14011
        256..=511 -> 13136
        512..=1023 -> 15101
        1024..=2047 -> 16365
        2048..=4095 -> 15458
        4096..=8191 -> 8769
        8192..=16383 -> 6828
        16384..=32767 -> 3517
        32768..=65535 -> 355
        65536..=131071 -> 52
        131072..=262143 -> 30
        262144..=524287 -> 97
        524288..=1048575 -> 242
        1048576..=2097151 -> 95
        2097152..=4194303 -> 4
Spinlock [handle_bi_dep] (20465656 total) (by spins, count):
        0..=0 -> 19403477
        1..=1 -> 1331
        2..=3 -> 5602
        4..=7 -> 10990
        8..=15 -> 8706
        16..=31 -> 12469
        32..=63 -> 22152
        64..=127 -> 41933
        128..=255 -> 82173
        256..=511 -> 164466
        512..=1023 -> 281456
        1024..=2047 -> 288463
        2048..=4095 -> 112845
        4096..=8191 -> 19366
        8192..=16383 -> 6057
        16384..=32767 -> 3580
        32768..=65535 -> 385
        65536..=131071 -> 62
        131072..=262143 -> 21
        262144..=524287 -> 38
        524288..=1048575 -> 65
        1048576..=2097151 -> 18
        2097152..=4194303 -> 1
Spinlock [node2lanes] (171391 total) (by spins, count):
        0..=0 -> 208
        1..=1 -> 310
        2..=3 -> 1109
        4..=7 -> 2106
        8..=15 -> 2783
        16..=31 -> 5011
        32..=63 -> 9086
        64..=127 -> 18269
        128..=255 -> 34683
        256..=511 -> 45814
        512..=1023 -> 36585
        1024..=2047 -> 12359
        2048..=4095 -> 1308
        4096..=8191 -> 486
        8192..=16383 -> 310
        16384..=32767 -> 335
        32768..=65535 -> 338
        65536..=131071 -> 133
        131072..=262143 -> 74
        262144..=524287 -> 59
        524288..=1048575 -> 22
        1048576..=2097151 -> 3
Spinlock [update_node_sync] (131458 total) (by spins, count):
        0..=0 -> 37
        1..=1 -> 151
        2..=3 -> 466
        4..=7 -> 883
        8..=15 -> 1374
        16..=31 -> 2611
        32..=63 -> 4591
        64..=127 -> 9512
        128..=255 -> 18268
        256..=511 -> 30424
        512..=1023 -> 35705
        1024..=2047 -> 18554
        2048..=4095 -> 4378
        4096..=8191 -> 1642
        8192..=16383 -> 1272
        16384..=32767 -> 969
        32768..=65535 -> 365
        65536..=131071 -> 121
        131072..=262143 -> 76
        262144..=524287 -> 39
        524288..=1048575 -> 19
        1048576..=2097151 -> 1

Time on updating pattern by 2^27 generations: 240.189535637s
Population: 93235730
Hash: 0x556c853eee93bd32
Threads: 288
Time spent on initializing engine: 29.651094814s
Time spent on loading pattern: 3.346173571s
Nodes count: 432459624, BiCache count: 539429220
Steal attempts success: 28863193
Steal attempts empty: 7289397
Steal attempts retry: 111040
Steal from last victim success: 21585568
Steal from last victim fail: 7277913
Hashtable cmpxchg fail (lock acquire): 938571
Status claim success: 539429219
Status claim fail (NOT_STARTED->PROCESSING): 1447
Spinlock [node_store_lock] (930410418 total) (by spins, count):
        0..=0 -> 930364453
        1..=1 -> 3591
        2..=3 -> 4608
        4..=7 -> 3551
        8..=15 -> 2609
        16..=31 -> 2405
        32..=63 -> 3134
        64..=127 -> 4390
        128..=255 -> 5632
        256..=511 -> 6219
        512..=1023 -> 5367
        1024..=2047 -> 3209
        2048..=4095 -> 1042
        4096..=8191 -> 161
        8192..=16383 -> 6
        16384..=32767 -> 4
        32768..=65535 -> 5
        65536..=131071 -> 13
        131072..=262143 -> 19
Spinlock [binode_cache_lock] (1505235847 total) (by spins, count):
        0..=0 -> 1505226094
        1..=1 -> 734
        2..=3 -> 2984
        4..=7 -> 3916
        8..=15 -> 1679
        16..=31 -> 90
        32..=63 -> 66
        64..=127 -> 95
        128..=255 -> 98
        256..=511 -> 45
        512..=1023 -> 14
        1024..=2047 -> 4
        2048..=4095 -> 15
        4096..=8191 -> 9
        8192..=16383 -> 3
        16384..=32767 -> 1
Spinlock [process_task] (720091593 total) (by spins, count):
        0..=0 -> 720064686
        1..=1 -> 592
        2..=3 -> 4058
        4..=7 -> 8658
        8..=15 -> 7171
        16..=31 -> 3993
        32..=63 -> 957
        64..=127 -> 769
        128..=255 -> 518
        256..=511 -> 150
        512..=1023 -> 26
        1024..=2047 -> 2
        2048..=4095 -> 4
        4096..=8191 -> 1
        8192..=16383 -> 4
        16384..=32767 -> 2
        32768..=65535 -> 1
        131072..=262143 -> 1
Spinlock [notify_dep] (562461822 total) (by spins, count):
        0..=0 -> 562214571
        1..=1 -> 7800
        2..=3 -> 22328
        4..=7 -> 48609
        8..=15 -> 28766
        16..=31 -> 14237
        32..=63 -> 12061
        64..=127 -> 18695
        128..=255 -> 18425
        256..=511 -> 15365
        512..=1023 -> 17330
        1024..=2047 -> 16879
        2048..=4095 -> 12684
        4096..=8191 -> 7112
        8192..=16383 -> 4073
        16384..=32767 -> 1870
        32768..=65535 -> 400
        65536..=131071 -> 217
        131072..=262143 -> 54
        262144..=524287 -> 95
        524288..=1048575 -> 174
        1048576..=2097151 -> 77
Spinlock [handle_bi_dep] (23032603 total) (by spins, count):
        0..=0 -> 21779450
        1..=1 -> 1432
        2..=3 -> 6465
        4..=7 -> 13066
        8..=15 -> 10230
        16..=31 -> 13899
        32..=63 -> 24264
        64..=127 -> 46564
        128..=255 -> 89361
        256..=511 -> 183896
        512..=1023 -> 326397
        1024..=2047 -> 355427
        2048..=4095 -> 147943
        4096..=8191 -> 23414
        8192..=16383 -> 6578
        16384..=32767 -> 3439
        32768..=65535 -> 506
        65536..=131071 -> 148
        131072..=262143 -> 33
        262144..=524287 -> 36
        524288..=1048575 -> 41
        1048576..=2097151 -> 13
        2097152..=4194303 -> 1
Spinlock [node2lanes] (199762 total) (by spins, count):
        0..=0 -> 224
        1..=1 -> 373
        2..=3 -> 1194
        4..=7 -> 2200
        8..=15 -> 3141
        16..=31 -> 5616
        32..=63 -> 9911
        64..=127 -> 19731
        128..=255 -> 39077
        256..=511 -> 53491
        512..=1023 -> 45003
        1024..=2047 -> 16654
        2048..=4095 -> 1669
        4096..=8191 -> 502
        8192..=16383 -> 269
        16384..=32767 -> 277
        32768..=65535 -> 245
        65536..=131071 -> 108
        131072..=262143 -> 54
        262144..=524287 -> 13
        524288..=1048575 -> 10
Spinlock [update_node_sync] (156319 total) (by spins, count):
        0..=0 -> 37
        1..=1 -> 175
        2..=3 -> 563
        4..=7 -> 1077
        8..=15 -> 1528
        16..=31 -> 2945
        32..=63 -> 5315
        64..=127 -> 10601
        128..=255 -> 20534
        256..=511 -> 35482
        512..=1023 -> 43966
        1024..=2047 -> 24747
        2048..=4095 -> 5644
        4096..=8191 -> 1419
        8192..=16383 -> 1049
        16384..=32767 -> 771
        32768..=65535 -> 281
        65536..=131071 -> 92
        131072..=262143 -> 68
        262144..=524287 -> 22
        524288..=1048575 -> 3

Time on updating pattern by 2^27 generations: 237.434094089s
Population: 93235730
Hash: 0x556c853eee93bd32
